../Drivers/CMSIS/Include/core_cm4.h:2064:26:ITM_SendChar	16	static,ignoring_inline_asm
../Core/Src/main.c:83:5:main	8	static
../Core/Src/main.c:152:6:SystemClock_Config	88	static
../Core/Src/main.c:198:13:MX_I2C1_Init	8	static
../Core/Src/main.c:232:13:MX_I2C2_Init	8	static
../Core/Src/main.c:266:13:MX_I2S3_Init	8	static
../Core/Src/main.c:300:13:MX_SPI1_Init	8	static
../Core/Src/main.c:338:13:MX_GPIO_Init	56	static
../Core/Src/main.c:422:5:_write	32	static
../Core/Src/main.c:440:6:Error_Handler	4	static,ignoring_inline_asm
